=== Start of pet02.log ===
[13:33:02] [Estado.CHK] [CHK] ==============================
[13:33:02] [Estado.CHK] [CHK]    🧪 ESTADO DEL ROBOT
[13:33:02] [Estado.CHK] [CHK] ==============================
[13:33:02] [Estado.CHK] [CHK] PAN cámara:            0.0°
[13:33:02] [Estado.CHK] [CHK] TILT cámara:           0.0°
[13:33:02] [Estado.CHK] [CHK] State wheels:     0
[13:33:02] [Estado.CHK] [CHK] ==============================
[13:33:02] [Estado.IDLE] Inicio del sistema
[13:33:02] [Estado.IDLE] Entrando en IDLE (test_mode=False)
[13:33:02] [Estado.RESET] Entrando en RESET (test_mode=False)
[13:33:02] [Estado.SEARCH] Entrando en SEARCH (test_mode=False)
[13:33:02] [Estado.SEARCH] Valid_for_search=True n=1 area=3120 error_x=282
[13:33:02] [Estado.SEARCH] Baliza a la derecha → PAN DERECHA (step=12)
[13:33:03] [Estado.SEARCH] Valid_for_search=True n=1 area=8064 error_x=232
[13:33:03] [Estado.SEARCH] Baliza a la derecha → PAN DERECHA (step=12)
[13:33:03] [Estado.SEARCH] Valid_for_search=True n=5 area=7168 error_x=16
[13:33:03] [Estado.SEARCH] Valid_for_search=True n=6 area=21328 error_x=-38
[13:33:03] [Estado.SEARCH] Valid_for_search=True n=4 area=22032 error_x=-54
[13:33:03] [Estado.SEARCH] Baliza a la izquierda → PAN IZQUIERDA (step=4)
[13:33:04] [Estado.SEARCH] Valid_for_search=True n=4 area=16800 error_x=-40
[13:33:04] [Estado.SEARCH] Valid_for_search=True n=6 area=15088 error_x=-10
[13:33:04] [Estado.SEARCH] Valid_for_search=True n=4 area=17808 error_x=-34
[13:33:04] [Estado.SEARCH] Centrado estable (3 frames) → RECENTER
[13:33:04] [Estado.RECENTER] Entrando en RECENTER (test_mode=False)
[13:33:04] [Estado.RECENTER] Frame estable (1/2)
[13:33:04] [Estado.RECENTER] Corrigiendo dirección, error_x=-34
[13:33:04] [Estado.RECENTER] Error significativo → wheels_angle_error_x (ángulo=-13.6)
[13:33:05] [Estado.RECENTER] Frame estable (2/2)
[13:33:05] [Estado.RECENTER] Alineación suficiente → TRACK
[13:33:05] [Estado.TRACK] Entrando en TRACK (test_mode=False)
[13:33:05] [Estado.TRACK] Corrigiendo dirección (ángulo=19.2)
[13:33:05] [Estado.TRACK] Corrigiendo dirección (ángulo=8.8)
[13:33:05] [Estado.TRACK] Corrigiendo dirección (ángulo=17.6)
[13:33:05] [Estado.TRACK] Corrigiendo dirección (ángulo=30)
[13:33:05] [Estado.TRACK] Error extremo → circle_robot + SEARCH
[13:33:06] [Estado.SEARCH] Entrando en SEARCH (test_mode=False)
[13:33:06] [Estado.SEARCH] Valid_for_search=False n=0 area=0 error_x=0.0
[13:33:06] [Estado.SEARCH] SIN DETECCIÓN VÁLIDA → PANEO
[13:33:06] [Estado.SEARCH] Valid_for_search=False n=0 area=0 error_x=0.0
[13:33:06] [Estado.SEARCH] SIN DETECCIÓN VÁLIDA → PANEO
[13:33:06] [Estado.SEARCH] Valid_for_search=False n=0 area=0 error_x=0.0
[13:33:06] [Estado.SEARCH] SIN DETECCIÓN VÁLIDA → PANEO
[13:33:06] [Estado.SEARCH] Valid_for_search=False n=0 area=0 error_x=0.0
[13:33:06] [Estado.SEARCH] SIN DETECCIÓN VÁLIDA → PANEO
[13:33:06] [Estado.SEARCH] Valid_for_search=False n=0 area=0 error_x=0.0
[13:33:06] [Estado.SEARCH] SIN DETECCIÓN VÁLIDA → PANEO
[13:33:06] [Estado.SEARCH] Valid_for_search=True n=2 area=2240 error_x=-180
[13:33:06] [Estado.SEARCH] Baliza a la izquierda → PAN IZQUIERDA (step=12)
[13:33:06] [Estado.SEARCH] Valid_for_search=False n=0 area=0 error_x=0.0
[13:33:06] [Estado.SEARCH] SIN DETECCIÓN VÁLIDA → PANEO
[13:33:06] [Estado.SEARCH] Valid_for_search=True n=1 area=4704 error_x=-42
[13:33:06] [Estado.SEARCH] Valid_for_search=True n=3 area=1280 error_x=-80
[13:33:06] [Estado.SEARCH] Baliza a la izquierda → PAN IZQUIERDA (step=4)
[13:33:07] [Estado.SEARCH] Valid_for_search=True n=1 area=1152 error_x=-66
[13:33:07] [Estado.SEARCH] Baliza a la izquierda → PAN IZQUIERDA (step=4)
[13:33:07] [Estado.SEARCH] Valid_for_search=True n=1 area=4032 error_x=-42
[13:33:07] [Estado.SEARCH] Valid_for_search=True n=2 area=6656 error_x=-28
[13:33:07] [Estado.SEARCH] Valid_for_search=True n=2 area=4800 error_x=-14
[13:33:07] [Estado.SEARCH] Centrado estable (3 frames) → RECENTER
[13:33:07] [Estado.RECENTER] Entrando en RECENTER (test_mode=False)
[13:33:07] [Estado.RECENTER] Frame estable (1/2)
[13:33:07] [Estado.RECENTER] Corrigiendo dirección, error_x=-16
[13:33:07] [Estado.RECENTER] Frame estable (2/2)
[13:33:07] [Estado.RECENTER] Alineación suficiente → TRACK
[13:33:07] [Estado.TRACK] Entrando en TRACK (test_mode=False)
[13:33:07] [Estado.TRACK] Corrigiendo dirección (ángulo=-11.2)
[13:33:08] [Estado.TRACK] Corrigiendo dirección (ángulo=-12.0)
[13:33:08] [Estado.TRACK] Corrigiendo dirección (ángulo=8.0)
[13:33:08] [Estado.TRACK] Corrigiendo dirección (ángulo=12.8)
[13:33:09] [Estado.TRACK] Pérdida de detección → SEARCH
[13:33:09] [Estado.SEARCH] Entrando en SEARCH (test_mode=False)
[13:33:09] [Estado.SEARCH] Valid_for_search=False n=0 area=0 error_x=0.0
[13:33:09] [Estado.SEARCH] SIN DETECCIÓN VÁLIDA → PANEO
[13:33:09] [Estado.SEARCH] Valid_for_search=False n=0 area=0 error_x=0.0
[13:33:09] [Estado.SEARCH] SIN DETECCIÓN VÁLIDA → PANEO
[13:33:09] [Estado.SEARCH] Valid_for_search=False n=0 area=0 error_x=0.0
[13:33:09] [Estado.SEARCH] SIN DETECCIÓN VÁLIDA → PANEO
[13:33:09] [Estado.SEARCH] Valid_for_search=False n=0 area=0 error_x=0.0
[13:33:09] [Estado.SEARCH] SIN DETECCIÓN VÁLIDA → PANEO
[13:33:09] [Estado.SEARCH] Valid_for_search=False n=0 area=0 error_x=0.0
[13:33:09] [Estado.SEARCH] SIN DETECCIÓN VÁLIDA → PANEO
[13:33:09] [Estado.SEARCH] Valid_for_search=False n=0 area=0 error_x=0.0
[13:33:09] [Estado.SEARCH] SIN DETECCIÓN VÁLIDA → PANEO
[13:33:09] [Estado.SEARCH] Valid_for_search=False n=0 area=0 error_x=0.0
[13:33:09] [Estado.SEARCH] SIN DETECCIÓN VÁLIDA → PANEO
[13:33:09] [Estado.SEARCH] Valid_for_search=False n=0 area=0 error_x=0.0
[13:33:09] [Estado.SEARCH] SIN DETECCIÓN VÁLIDA → PANEO
[13:33:10] [Estado.SEARCH] Valid_for_search=False n=0 area=0 error_x=0.0
[13:33:10] [Estado.SEARCH] SIN DETECCIÓN VÁLIDA → PANEO
[13:33:10] [Estado.SEARCH] Valid_for_search=False n=0 area=0 error_x=0.0
[13:33:10] [Estado.SEARCH] SIN DETECCIÓN VÁLIDA → PANEO
[13:33:10] [Estado.SEARCH] Valid_for_search=False n=0 area=0 error_x=0.0
[13:33:10] [Estado.SEARCH] SIN DETECCIÓN VÁLIDA → PANEO
[13:33:10] [Estado.SEARCH] Valid_for_search=False n=0 area=0 error_x=0.0
[13:33:10] [Estado.SEARCH] SIN DETECCIÓN VÁLIDA → PANEO
[13:33:10] [Estado.SEARCH] Valid_for_search=False n=0 area=0 error_x=0.0
[13:33:10] [Estado.SEARCH] SIN DETECCIÓN VÁLIDA → PANEO
[13:33:10] [Estado.SEARCH] Valid_for_search=False n=0 area=0 error_x=0.0
[13:33:10] [Estado.SEARCH] SIN DETECCIÓN VÁLIDA → PANEO
[13:33:10] [Estado.SEARCH] Valid_for_search=False n=0 area=0 error_x=0.0
[13:33:10] [Estado.SEARCH] SIN DETECCIÓN VÁLIDA → PANEO
[13:33:10] [Estado.SEARCH] Valid_for_search=False n=0 area=0 error_x=0.0
[13:33:10] [Estado.SEARCH] SIN DETECCIÓN VÁLIDA → PANEO
[13:33:10] [Estado.SEARCH] Valid_for_search=False n=0 area=0 error_x=0.0
[13:33:10] [Estado.SEARCH] SIN DETECCIÓN VÁLIDA → PANEO
[13:33:10] [Estado.SEARCH] Valid_for_search=False n=0 area=0 error_x=0.0
[13:33:10] [Estado.SEARCH] SIN DETECCIÓN VÁLIDA → PANEO
[13:33:10] [Estado.SEARCH] Valid_for_search=False n=0 area=0 error_x=0.0
[13:33:10] [Estado.SEARCH] SIN DETECCIÓN VÁLIDA → PANEO
[13:33:11] [Estado.SEARCH] Valid_for_search=False n=0 area=0 error_x=0.0
[13:33:11] [Estado.SEARCH] SIN DETECCIÓN VÁLIDA → PANEO
[13:33:11] [Estado.SEARCH] Valid_for_search=False n=0 area=0 error_x=0.0
[13:33:11] [Estado.SEARCH] SIN DETECCIÓN VÁLIDA → PANEO
[13:33:11] [Estado.SEARCH] Valid_for_search=False n=0 area=0 error_x=0.0
[13:33:11] [Estado.SEARCH] SIN DETECCIÓN VÁLIDA → PANEO
[13:33:11] [Estado.SEARCH] Valid_for_search=False n=0 area=0 error_x=0.0
[13:33:11] [Estado.SEARCH] SIN DETECCIÓN VÁLIDA → PANEO
[13:33:11] [Estado.SEARCH] Valid_for_search=False n=0 area=0 error_x=0.0
[13:33:11] [Estado.SEARCH] SIN DETECCIÓN VÁLIDA → PANEO
[13:33:11] [Estado.SEARCH] Valid_for_search=False n=0 area=0 error_x=0.0
[13:33:11] [Estado.SEARCH] SIN DETECCIÓN VÁLIDA → PANEO
[13:33:11] [Estado.SEARCH] Valid_for_search=False n=0 area=0 error_x=0.0
[13:33:11] [Estado.SEARCH] SIN DETECCIÓN VÁLIDA → PANEO
[13:33:11] [Estado.SEARCH] Valid_for_search=False n=0 area=0 error_x=0.0
[13:33:11] [Estado.SEARCH] SIN DETECCIÓN VÁLIDA → PANEO
[13:33:11] [Estado.SEARCH] Valid_for_search=False n=0 area=0 error_x=0.0
[13:33:11] [Estado.SEARCH] SIN DETECCIÓN VÁLIDA → PANEO
[13:33:11] [Estado.SEARCH] Valid_for_search=False n=0 area=0 error_x=0.0
[13:33:11] [Estado.SEARCH] SIN DETECCIÓN VÁLIDA → PANEO
[13:33:11] [Estado.SEARCH] Valid_for_search=False n=0 area=0 error_x=0.0
[13:33:11] [Estado.SEARCH] SIN DETECCIÓN VÁLIDA → PANEO
[13:33:12] [Estado.SEARCH] Valid_for_search=False n=0 area=0 error_x=0.0
[13:33:12] [Estado.SEARCH] SIN DETECCIÓN VÁLIDA → PANEO
[13:33:12] [Estado.SEARCH] Valid_for_search=False n=0 area=0 error_x=0.0
[13:33:12] [Estado.SEARCH] SIN DETECCIÓN VÁLIDA → PANEO
[13:33:12] [Estado.SEARCH] Valid_for_search=False n=0 area=0 error_x=0.0
[13:33:12] [Estado.SEARCH] SIN DETECCIÓN VÁLIDA → PANEO
[13:33:12] [Estado.SEARCH] Valid_for_search=False n=0 area=0 error_x=0.0
[13:33:12] [Estado.SEARCH] SIN DETECCIÓN VÁLIDA → PANEO
[13:33:12] [Estado.SEARCH] Valid_for_search=False n=0 area=0 error_x=0.0
[13:33:12] [Estado.SEARCH] SIN DETECCIÓN VÁLIDA → PANEO
[13:33:12] [Estado.SEARCH] Valid_for_search=False n=0 area=0 error_x=0.0
[13:33:12] [Estado.SEARCH] SIN DETECCIÓN VÁLIDA → PANEO
[13:33:12] [Estado.SEARCH] Valid_for_search=False n=0 area=0 error_x=0.0
[13:33:12] [Estado.SEARCH] SIN DETECCIÓN VÁLIDA → PANEO
[13:33:12] [Estado.SEARCH] Valid_for_search=False n=0 area=0 error_x=0.0
[13:33:12] [Estado.SEARCH] SIN DETECCIÓN VÁLIDA → PANEO
[13:33:12] [Estado.SEARCH] Valid_for_search=False n=0 area=0 error_x=0.0
[13:33:12] [Estado.SEARCH] SIN DETECCIÓN VÁLIDA → PANEO
[13:33:12] [Estado.SEARCH] Valid_for_search=False n=0 area=0 error_x=0.0
[13:33:12] [Estado.SEARCH] SIN DETECCIÓN VÁLIDA → PANEO
[13:33:12] [Estado.SEARCH] Búsqueda circular -> TRACK
[13:33:12] [Estado.TRACK] Entrando en TRACK (test_mode=False)
[13:33:13] [Estado.TRACK] Perdidos en el espacio → SEARCH
[13:33:13] [Estado.SEARCH] Entrando en SEARCH (test_mode=False)
[13:33:13] [Estado.SEARCH] Valid_for_search=False n=0 area=0 error_x=0.0
[13:33:13] [Estado.SEARCH] SIN DETECCIÓN VÁLIDA → PANEO
[13:33:13] [Estado.SEARCH] Valid_for_search=False n=0 area=0 error_x=0.0
[13:33:13] [Estado.SEARCH] SIN DETECCIÓN VÁLIDA → PANEO
[13:33:13] [Estado.SEARCH] Valid_for_search=False n=0 area=0 error_x=0.0
[13:33:13] [Estado.SEARCH] SIN DETECCIÓN VÁLIDA → PANEO
[13:33:13] [Estado.SEARCH] Valid_for_search=False n=0 area=0 error_x=0.0
[13:33:13] [Estado.SEARCH] SIN DETECCIÓN VÁLIDA → PANEO
[13:33:13] [Estado.SEARCH] Valid_for_search=False n=0 area=0 error_x=0.0
[13:33:13] [Estado.SEARCH] SIN DETECCIÓN VÁLIDA → PANEO
[13:33:13] [Estado.SEARCH] Valid_for_search=False n=0 area=0 error_x=0.0
[13:33:13] [Estado.SEARCH] SIN DETECCIÓN VÁLIDA → PANEO
[13:33:13] [Estado.SEARCH] Valid_for_search=False n=0 area=0 error_x=0.0
[13:33:13] [Estado.SEARCH] SIN DETECCIÓN VÁLIDA → PANEO
[13:33:13] [Estado.SEARCH] Valid_for_search=False n=0 area=0 error_x=0.0
[13:33:13] [Estado.SEARCH] SIN DETECCIÓN VÁLIDA → PANEO
[13:33:13] [Estado.SEARCH] Valid_for_search=False n=0 area=0 error_x=0.0
[13:33:13] [Estado.SEARCH] SIN DETECCIÓN VÁLIDA → PANEO
[13:33:14] [Estado.SEARCH] Valid_for_search=False n=0 area=0 error_x=0.0
[13:33:14] [Estado.SEARCH] SIN DETECCIÓN VÁLIDA → PANEO
[13:33:14] [Estado.SEARCH] Valid_for_search=False n=0 area=0 error_x=0.0
[13:33:14] [Estado.SEARCH] SIN DETECCIÓN VÁLIDA → PANEO
[13:33:14] [Estado.SEARCH] Valid_for_search=False n=0 area=0 error_x=0.0
[13:33:14] [Estado.SEARCH] SIN DETECCIÓN VÁLIDA → PANEO
[13:33:14] [Estado.SEARCH] Valid_for_search=False n=0 area=0 error_x=0.0
[13:33:14] [Estado.SEARCH] SIN DETECCIÓN VÁLIDA → PANEO
[13:33:14] [Estado.SEARCH] Valid_for_search=False n=0 area=0 error_x=0.0
[13:33:14] [Estado.SEARCH] SIN DETECCIÓN VÁLIDA → PANEO
[13:33:14] [Estado.SEARCH] Valid_for_search=False n=0 area=0 error_x=0.0
[13:33:14] [Estado.SEARCH] SIN DETECCIÓN VÁLIDA → PANEO
[13:33:14] [Estado.SEARCH] Valid_for_search=False n=0 area=0 error_x=0.0
[13:33:14] [Estado.SEARCH] SIN DETECCIÓN VÁLIDA → PANEO
[13:33:14] [Estado.SEARCH] Valid_for_search=False n=0 area=0 error_x=0.0
[13:33:14] [Estado.SEARCH] SIN DETECCIÓN VÁLIDA → PANEO
[13:33:14] [Estado.SEARCH] Valid_for_search=False n=0 area=0 error_x=0.0
[13:33:14] [Estado.SEARCH] SIN DETECCIÓN VÁLIDA → PANEO
[13:33:14] [Estado.SEARCH] Valid_for_search=False n=0 area=0 error_x=0.0
[13:33:14] [Estado.SEARCH] SIN DETECCIÓN VÁLIDA → PANEO
[13:33:14] [Estado.SEARCH] Valid_for_search=False n=0 area=0 error_x=0.0
[13:33:14] [Estado.SEARCH] SIN DETECCIÓN VÁLIDA → PANEO
[13:33:15] [Estado.SEARCH] Valid_for_search=False n=0 area=0 error_x=0.0
[13:33:15] [Estado.SEARCH] SIN DETECCIÓN VÁLIDA → PANEO
[13:33:15] [Estado.SEARCH] Valid_for_search=False n=0 area=0 error_x=0.0
[13:33:15] [Estado.SEARCH] SIN DETECCIÓN VÁLIDA → PANEO
[13:33:15] [Estado.SEARCH] Valid_for_search=False n=0 area=0 error_x=0.0
[13:33:15] [Estado.SEARCH] SIN DETECCIÓN VÁLIDA → PANEO
[13:33:15] [Estado.SEARCH] Valid_for_search=False n=0 area=0 error_x=0.0
[13:33:15] [Estado.SEARCH] SIN DETECCIÓN VÁLIDA → PANEO
[13:33:15] [Estado.SEARCH] Valid_for_search=False n=0 area=0 error_x=0.0
[13:33:15] [Estado.SEARCH] SIN DETECCIÓN VÁLIDA → PANEO
[13:33:15] [Estado.SEARCH] Valid_for_search=False n=0 area=0 error_x=0.0
[13:33:15] [Estado.SEARCH] SIN DETECCIÓN VÁLIDA → PANEO
[13:33:15] [Estado.SEARCH] Valid_for_search=False n=0 area=0 error_x=0.0
[13:33:15] [Estado.SEARCH] SIN DETECCIÓN VÁLIDA → PANEO
[13:33:15] [Estado.SEARCH] Valid_for_search=False n=0 area=0 error_x=0.0
[13:33:15] [Estado.SEARCH] SIN DETECCIÓN VÁLIDA → PANEO
[13:33:15] [Estado.SEARCH] Valid_for_search=False n=0 area=0 error_x=0.0
[13:33:15] [Estado.SEARCH] SIN DETECCIÓN VÁLIDA → PANEO
[13:33:15] [Estado.SEARCH] Valid_for_search=False n=0 area=0 error_x=0.0
[13:33:15] [Estado.SEARCH] SIN DETECCIÓN VÁLIDA → PANEO
[13:33:15] [Estado.SEARCH] Valid_for_search=False n=0 area=0 error_x=0.0
[13:33:15] [Estado.SEARCH] SIN DETECCIÓN VÁLIDA → PANEO
[13:33:16] [Estado.SEARCH] Valid_for_search=False n=0 area=0 error_x=0.0
[13:33:16] [Estado.SEARCH] SIN DETECCIÓN VÁLIDA → PANEO
[13:33:16] [Estado.SEARCH] Valid_for_search=False n=0 area=0 error_x=0.0
[13:33:16] [Estado.SEARCH] SIN DETECCIÓN VÁLIDA → PANEO
[13:33:16] [Estado.SEARCH] Valid_for_search=False n=0 area=0 error_x=0.0
[13:33:16] [Estado.SEARCH] SIN DETECCIÓN VÁLIDA → PANEO
[13:33:16] [Estado.SEARCH] Valid_for_search=False n=0 area=0 error_x=0.0
[13:33:16] [Estado.SEARCH] SIN DETECCIÓN VÁLIDA → PANEO
[13:33:16] [Estado.SEARCH] Valid_for_search=False n=0 area=0 error_x=0.0
[13:33:16] [Estado.SEARCH] SIN DETECCIÓN VÁLIDA → PANEO
[13:33:16] [Estado.SEARCH] Valid_for_search=False n=0 area=0 error_x=0.0
[13:33:16] [Estado.SEARCH] SIN DETECCIÓN VÁLIDA → PANEO
[13:33:16] [Estado.SEARCH] Valid_for_search=False n=0 area=0 error_x=0.0
[13:33:16] [Estado.SEARCH] SIN DETECCIÓN VÁLIDA → PANEO
[13:33:16] [Estado.SEARCH] Valid_for_search=False n=0 area=0 error_x=0.0
[13:33:16] [Estado.SEARCH] SIN DETECCIÓN VÁLIDA → PANEO
[13:33:16] [Estado.SEARCH] Valid_for_search=False n=0 area=0 error_x=0.0
[13:33:16] [Estado.SEARCH] SIN DETECCIÓN VÁLIDA → PANEO
[13:33:16] [Estado.SEARCH] Búsqueda circular -> TRACK
[13:33:16] [Estado.TRACK] Entrando en TRACK (test_mode=False)
[13:33:17] [Estado.TRACK] Perdidos en el espacio → SEARCH
[13:33:17] [Estado.SEARCH] Entrando en SEARCH (test_mode=False)
[13:33:17] [Estado.SEARCH] Valid_for_search=False n=0 area=0 error_x=0.0
[13:33:17] [Estado.SEARCH] SIN DETECCIÓN VÁLIDA → PANEO
[13:33:17] [Estado.SEARCH] Valid_for_search=False n=0 area=0 error_x=0.0
[13:33:17] [Estado.SEARCH] SIN DETECCIÓN VÁLIDA → PANEO
[13:33:17] [Estado.SEARCH] Valid_for_search=False n=0 area=0 error_x=0.0
[13:33:17] [Estado.SEARCH] SIN DETECCIÓN VÁLIDA → PANEO
[13:33:17] [Estado.SEARCH] Valid_for_search=False n=0 area=0 error_x=0.0
[13:33:17] [Estado.SEARCH] SIN DETECCIÓN VÁLIDA → PANEO
[13:33:17] [Estado.SEARCH] Valid_for_search=False n=0 area=0 error_x=0.0
[13:33:17] [Estado.SEARCH] SIN DETECCIÓN VÁLIDA → PANEO
[13:33:17] [Estado.SEARCH] Valid_for_search=False n=0 area=0 error_x=0.0
[13:33:17] [Estado.SEARCH] SIN DETECCIÓN VÁLIDA → PANEO
[13:33:17] [Estado.SEARCH] Valid_for_search=False n=0 area=0 error_x=0.0
[13:33:17] [Estado.SEARCH] SIN DETECCIÓN VÁLIDA → PANEO
[13:33:17] [Estado.SEARCH] Valid_for_search=False n=0 area=0 error_x=0.0
[13:33:17] [Estado.SEARCH] SIN DETECCIÓN VÁLIDA → PANEO
[13:33:17] [Estado.SEARCH] Valid_for_search=False n=0 area=0 error_x=0.0
[13:33:17] [Estado.SEARCH] SIN DETECCIÓN VÁLIDA → PANEO
[13:33:18] [Estado.SEARCH] Valid_for_search=False n=0 area=0 error_x=0.0
[13:33:18] [Estado.SEARCH] SIN DETECCIÓN VÁLIDA → PANEO
[13:33:18] [Estado.SEARCH] Valid_for_search=False n=0 area=0 error_x=0.0
[13:33:18] [Estado.SEARCH] SIN DETECCIÓN VÁLIDA → PANEO
[13:33:18] [Estado.SEARCH] Valid_for_search=False n=0 area=0 error_x=0.0
[13:33:18] [Estado.SEARCH] SIN DETECCIÓN VÁLIDA → PANEO
[13:33:18] [Estado.SEARCH] Valid_for_search=False n=0 area=0 error_x=0.0
[13:33:18] [Estado.SEARCH] SIN DETECCIÓN VÁLIDA → PANEO
[13:33:18] [Estado.SEARCH] Valid_for_search=False n=0 area=0 error_x=0.0
[13:33:18] [Estado.SEARCH] SIN DETECCIÓN VÁLIDA → PANEO
[13:33:18] [Estado.SEARCH] Valid_for_search=False n=0 area=0 error_x=0.0
[13:33:18] [Estado.SEARCH] SIN DETECCIÓN VÁLIDA → PANEO
[13:33:18] [Estado.SEARCH] Valid_for_search=False n=0 area=0 error_x=0.0
[13:33:18] [Estado.SEARCH] SIN DETECCIÓN VÁLIDA → PANEO
[13:33:18] [Estado.SEARCH] Valid_for_search=False n=0 area=0 error_x=0.0
[13:33:18] [Estado.SEARCH] SIN DETECCIÓN VÁLIDA → PANEO
[13:33:18] [Estado.SEARCH] Valid_for_search=False n=0 area=0 error_x=0.0
[13:33:18] [Estado.SEARCH] SIN DETECCIÓN VÁLIDA → PANEO
[13:33:18] [Estado.SEARCH] Valid_for_search=False n=0 area=0 error_x=0.0
[13:33:18] [Estado.SEARCH] SIN DETECCIÓN VÁLIDA → PANEO
[13:33:18] [Estado.SEARCH] Valid_for_search=False n=0 area=0 error_x=0.0
[13:33:18] [Estado.SEARCH] SIN DETECCIÓN VÁLIDA → PANEO
[13:33:19] [Estado.SEARCH] Valid_for_search=False n=0 area=0 error_x=0.0
[13:33:19] [Estado.SEARCH] SIN DETECCIÓN VÁLIDA → PANEO
[13:33:19] [Estado.SEARCH] Valid_for_search=False n=0 area=0 error_x=0.0
[13:33:19] [Estado.SEARCH] SIN DETECCIÓN VÁLIDA → PANEO
[13:33:19] [Estado.SEARCH] Valid_for_search=False n=0 area=0 error_x=0.0
[13:33:19] [Estado.SEARCH] SIN DETECCIÓN VÁLIDA → PANEO
[13:33:19] [Estado.SEARCH] Valid_for_search=False n=0 area=0 error_x=0.0
[13:33:19] [Estado.SEARCH] SIN DETECCIÓN VÁLIDA → PANEO
[13:33:19] [Estado.SEARCH] Valid_for_search=False n=0 area=0 error_x=0.0
[13:33:19] [Estado.SEARCH] SIN DETECCIÓN VÁLIDA → PANEO
[13:33:19] [Estado.SEARCH] Valid_for_search=False n=0 area=0 error_x=0.0
[13:33:19] [Estado.SEARCH] SIN DETECCIÓN VÁLIDA → PANEO
[13:33:19] [Estado.SEARCH] Valid_for_search=False n=0 area=0 error_x=0.0
[13:33:19] [Estado.SEARCH] SIN DETECCIÓN VÁLIDA → PANEO
[13:33:19] [Estado.SEARCH] Valid_for_search=False n=0 area=0 error_x=0.0
[13:33:19] [Estado.SEARCH] SIN DETECCIÓN VÁLIDA → PANEO
[13:33:19] [Estado.SEARCH] Valid_for_search=False n=0 area=0 error_x=0.0
[13:33:19] [Estado.SEARCH] SIN DETECCIÓN VÁLIDA → PANEO
[13:33:19] [Estado.SEARCH] Valid_for_search=False n=0 area=0 error_x=0.0
[13:33:19] [Estado.SEARCH] SIN DETECCIÓN VÁLIDA → PANEO
[13:33:19] [Estado.SEARCH] Valid_for_search=False n=0 area=0 error_x=0.0
[13:33:19] [Estado.SEARCH] SIN DETECCIÓN VÁLIDA → PANEO
[13:33:20] [Estado.SEARCH] Valid_for_search=False n=0 area=0 error_x=0.0
[13:33:20] [Estado.SEARCH] SIN DETECCIÓN VÁLIDA → PANEO
[13:33:20] [Estado.SEARCH] Valid_for_search=False n=0 area=0 error_x=0.0
[13:33:20] [Estado.SEARCH] SIN DETECCIÓN VÁLIDA → PANEO
[13:33:20] [Estado.SEARCH] Valid_for_search=False n=0 area=0 error_x=0.0
[13:33:20] [Estado.SEARCH] SIN DETECCIÓN VÁLIDA → PANEO
[13:33:20] [Estado.SEARCH] Valid_for_search=False n=0 area=0 error_x=0.0
[13:33:20] [Estado.SEARCH] SIN DETECCIÓN VÁLIDA → PANEO
[13:33:20] [Estado.SEARCH] Valid_for_search=False n=0 area=0 error_x=0.0
[13:33:20] [Estado.SEARCH] SIN DETECCIÓN VÁLIDA → PANEO
[13:33:20] [Estado.SEARCH] Valid_for_search=False n=0 area=0 error_x=0.0
[13:33:20] [Estado.SEARCH] SIN DETECCIÓN VÁLIDA → PANEO
[13:33:20] [Estado.SEARCH] Valid_for_search=False n=0 area=0 error_x=0.0
[13:33:20] [Estado.SEARCH] SIN DETECCIÓN VÁLIDA → PANEO
[13:33:20] [Estado.SEARCH] Valid_for_search=False n=0 area=0 error_x=0.0
[13:33:20] [Estado.SEARCH] SIN DETECCIÓN VÁLIDA → PANEO
[13:33:20] [Estado.SEARCH] Valid_for_search=False n=0 area=0 error_x=0.0
[13:33:20] [Estado.SEARCH] SIN DETECCIÓN VÁLIDA → PANEO
[13:33:20] [Estado.SEARCH] Búsqueda circular -> TRACK
[13:33:20] [Estado.TRACK] Entrando en TRACK (test_mode=False)
[13:33:21] [Estado.TRACK] Perdidos en el espacio → SEARCH
[13:33:21] [Estado.SEARCH] Entrando en SEARCH (test_mode=False)
[13:33:21] [Estado.SEARCH] Valid_for_search=False n=0 area=0 error_x=0.0
[13:33:21] [Estado.SEARCH] SIN DETECCIÓN VÁLIDA → PANEO
[13:33:21] [Estado.SEARCH] Valid_for_search=False n=0 area=0 error_x=0.0
[13:33:21] [Estado.SEARCH] SIN DETECCIÓN VÁLIDA → PANEO
[13:33:21] [Estado.SEARCH] Valid_for_search=False n=0 area=0 error_x=0.0
[13:33:21] [Estado.SEARCH] SIN DETECCIÓN VÁLIDA → PANEO
[13:33:21] [Estado.SEARCH] Valid_for_search=False n=0 area=0 error_x=0.0
[13:33:21] [Estado.SEARCH] SIN DETECCIÓN VÁLIDA → PANEO
[13:33:21] [Estado.SEARCH] Valid_for_search=False n=0 area=0 error_x=0.0
[13:33:21] [Estado.SEARCH] SIN DETECCIÓN VÁLIDA → PANEO
[13:33:21] [Estado.SEARCH] Valid_for_search=False n=0 area=0 error_x=0.0
[13:33:21] [Estado.SEARCH] SIN DETECCIÓN VÁLIDA → PANEO
[13:33:21] [Estado.SEARCH] Valid_for_search=False n=0 area=0 error_x=0.0
[13:33:21] [Estado.SEARCH] SIN DETECCIÓN VÁLIDA → PANEO
[13:33:21] [Estado.SEARCH] Valid_for_search=False n=0 area=0 error_x=0.0
[13:33:21] [Estado.SEARCH] SIN DETECCIÓN VÁLIDA → PANEO
[13:33:21] [Estado.SEARCH] Valid_for_search=False n=0 area=0 error_x=0.0
[13:33:21] [Estado.SEARCH] SIN DETECCIÓN VÁLIDA → PANEO
[13:33:22] [Estado.SEARCH] Valid_for_search=False n=0 area=0 error_x=0.0
[13:33:22] [Estado.SEARCH] SIN DETECCIÓN VÁLIDA → PANEO
[13:33:22] [Estado.SEARCH] Valid_for_search=False n=0 area=0 error_x=0.0
[13:33:22] [Estado.SEARCH] SIN DETECCIÓN VÁLIDA → PANEO
[13:33:22] [Estado.SEARCH] Valid_for_search=False n=0 area=0 error_x=0.0
[13:33:22] [Estado.SEARCH] SIN DETECCIÓN VÁLIDA → PANEO
[13:33:22] [Estado.SEARCH] Valid_for_search=False n=0 area=0 error_x=0.0
[13:33:22] [Estado.SEARCH] SIN DETECCIÓN VÁLIDA → PANEO
[13:33:22] [Estado.SEARCH] Valid_for_search=False n=0 area=0 error_x=0.0
[13:33:22] [Estado.SEARCH] SIN DETECCIÓN VÁLIDA → PANEO
[13:33:22] [Estado.SEARCH] Valid_for_search=False n=0 area=0 error_x=0.0
[13:33:22] [Estado.SEARCH] SIN DETECCIÓN VÁLIDA → PANEO
[13:33:22] [Estado.SEARCH] Valid_for_search=False n=0 area=0 error_x=0.0
[13:33:22] [Estado.SEARCH] SIN DETECCIÓN VÁLIDA → PANEO
[13:33:22] [Estado.SEARCH] Valid_for_search=False n=0 area=0 error_x=0.0
[13:33:22] [Estado.SEARCH] SIN DETECCIÓN VÁLIDA → PANEO
[13:33:22] [Estado.SEARCH] Valid_for_search=False n=0 area=0 error_x=0.0
[13:33:22] [Estado.SEARCH] SIN DETECCIÓN VÁLIDA → PANEO
[13:33:22] [Estado.SEARCH] Valid_for_search=False n=0 area=0 error_x=0.0
[13:33:22] [Estado.SEARCH] SIN DETECCIÓN VÁLIDA → PANEO
[13:33:22] [Estado.SEARCH] Valid_for_search=False n=0 area=0 error_x=0.0
[13:33:22] [Estado.SEARCH] SIN DETECCIÓN VÁLIDA → PANEO
[13:33:22] [Estado.SEARCH] Valid_for_search=False n=0 area=0 error_x=0.0
[13:33:22] [Estado.SEARCH] SIN DETECCIÓN VÁLIDA → PANEO
[13:33:23] [Estado.SEARCH] Valid_for_search=False n=0 area=0 error_x=0.0
[13:33:23] [Estado.SEARCH] SIN DETECCIÓN VÁLIDA → PANEO
[13:33:23] [Estado.SEARCH] Valid_for_search=False n=0 area=0 error_x=0.0
[13:33:23] [Estado.SEARCH] SIN DETECCIÓN VÁLIDA → PANEO
[13:33:23] [Estado.SEARCH] Valid_for_search=False n=0 area=0 error_x=0.0
[13:33:23] [Estado.SEARCH] SIN DETECCIÓN VÁLIDA → PANEO
[13:33:23] [Estado.SEARCH] Valid_for_search=False n=0 area=0 error_x=0.0
[13:33:23] [Estado.SEARCH] SIN DETECCIÓN VÁLIDA → PANEO
[13:33:23] [Estado.SEARCH] Valid_for_search=False n=0 area=0 error_x=0.0
[13:33:23] [Estado.SEARCH] SIN DETECCIÓN VÁLIDA → PANEO
[13:33:23] [Estado.SEARCH] Valid_for_search=False n=0 area=0 error_x=0.0
[13:33:23] [Estado.SEARCH] SIN DETECCIÓN VÁLIDA → PANEO
[13:33:23] [Estado.SEARCH] Valid_for_search=False n=0 area=0 error_x=0.0
[13:33:23] [Estado.SEARCH] SIN DETECCIÓN VÁLIDA → PANEO
[13:33:23] [Estado.SEARCH] Valid_for_search=False n=0 area=0 error_x=0.0
[13:33:23] [Estado.SEARCH] SIN DETECCIÓN VÁLIDA → PANEO
[13:33:23] [Estado.SEARCH] Valid_for_search=False n=0 area=0 error_x=0.0
[13:33:23] [Estado.SEARCH] SIN DETECCIÓN VÁLIDA → PANEO
[13:33:23] [Estado.SEARCH] Valid_for_search=False n=0 area=0 error_x=0.0
[13:33:23] [Estado.SEARCH] SIN DETECCIÓN VÁLIDA → PANEO
[13:33:24] [Estado.SEARCH] Valid_for_search=False n=0 area=0 error_x=0.0
[13:33:24] [Estado.SEARCH] SIN DETECCIÓN VÁLIDA → PANEO
[13:33:24] [Estado.SEARCH] Valid_for_search=False n=0 area=0 error_x=0.0
[13:33:24] [Estado.SEARCH] SIN DETECCIÓN VÁLIDA → PANEO
[13:33:24] [Estado.SEARCH] Valid_for_search=False n=0 area=0 error_x=0.0
[13:33:24] [Estado.SEARCH] SIN DETECCIÓN VÁLIDA → PANEO
[13:33:24] [Estado.SEARCH] Valid_for_search=False n=0 area=0 error_x=0.0
[13:33:24] [Estado.SEARCH] SIN DETECCIÓN VÁLIDA → PANEO
[13:33:24] [Estado.SEARCH] Valid_for_search=False n=0 area=0 error_x=0.0
[13:33:24] [Estado.SEARCH] SIN DETECCIÓN VÁLIDA → PANEO
[13:33:24] [Estado.SEARCH] Valid_for_search=False n=0 area=0 error_x=0.0
[13:33:24] [Estado.SEARCH] SIN DETECCIÓN VÁLIDA → PANEO
[13:33:24] [Estado.SEARCH] Valid_for_search=False n=0 area=0 error_x=0.0
[13:33:24] [Estado.SEARCH] SIN DETECCIÓN VÁLIDA → PANEO
[13:33:24] [Estado.SEARCH] Valid_for_search=False n=0 area=0 error_x=0.0
[13:33:24] [Estado.SEARCH] SIN DETECCIÓN VÁLIDA → PANEO
[13:33:24] [Estado.SEARCH] Valid_for_search=False n=0 area=0 error_x=0.0
[13:33:24] [Estado.SEARCH] SIN DETECCIÓN VÁLIDA → PANEO
[13:33:24] [Estado.SEARCH] Búsqueda circular -> TRACK
[13:33:24] [Estado.TRACK] Entrando en TRACK (test_mode=False)
[13:33:24] [Estado.TRACK] Perdidos en el espacio → SEARCH
[13:33:25] [Estado.SEARCH] Entrando en SEARCH (test_mode=False)
[13:33:25] [Estado.SEARCH] Valid_for_search=False n=0 area=0 error_x=0.0
[13:33:25] [Estado.SEARCH] SIN DETECCIÓN VÁLIDA → PANEO
[13:33:25] [Estado.SEARCH] Valid_for_search=False n=0 area=0 error_x=0.0
[13:33:25] [Estado.SEARCH] SIN DETECCIÓN VÁLIDA → PANEO
[13:33:25] [Estado.SEARCH] Valid_for_search=False n=0 area=0 error_x=0.0
[13:33:25] [Estado.SEARCH] SIN DETECCIÓN VÁLIDA → PANEO
[13:33:25] [Estado.SEARCH] Valid_for_search=False n=0 area=0 error_x=0.0
[13:33:25] [Estado.SEARCH] SIN DETECCIÓN VÁLIDA → PANEO
